
> logatech-en@0.1.0 build
> next build

Γû▓ Next.js 16.1.6 (Turbopack)
- Environments: .env.local

  Creating an optimized production build ...
node.exe : 
At C:\Program 
Files\nodejs\npm.ps1:29 
char:3
+   & $NODE_EXE $NPM_CLI_JS 
$args
+   ~~~~~~~~~~~~~~~~~~~~~~~~
~~~~~
    + CategoryInfo          
    : NotSpecified: (:Stri  
  ng) [], RemoteException
    + FullyQualifiedErrorId 
    : NativeCommandError
 
> Build error occurred
Error: Turbopack build 
failed with 2 errors:
./src/app/panel/admin/accoun
ting/page.js:13:1
Module not found: Can't 
resolve 'react-hot-toast'
[0m [90m 11 |[39m 
[36mimport[39m { 
[33mModal[39m } 
[36mfrom[39m [32m"@/compo
nents/common/Modal"[39m[33
m;[39m
 [90m 12 |[39m 
[36mimport[39m { 
[33mButton[39m } 
[36mfrom[39m [32m"@/compo
nents/common/Button"[39m[3
3m;[39m
[31m[1m>[22m[39m[90m 
13 |[39m [36mimport[39m 
{ toast } [36mfrom[39m [3
2m"react-hot-toast"[39m[33
m;[39m
 [90m    |[39m [31m[1m^
[22m[39m[31m[1m^[22m[39
m[31m[1m^[22m[39m[31m[
1m^[22m[39m[31m[1m^[22m
[39m[31m[1m^[22m[39m[3
1m[1m^[22m[39m[31m[1m^
[22m[39m[31m[1m^[22m[39
m[31m[1m^[22m[39m[31m[
1m^[22m[39m[31m[1m^[22m
[39m[31m[1m^[22m[39m[3
1m[1m^[22m[39m[31m[1m^
[22m[39m[31m[1m^[22m[39
m[31m[1m^[22m[39m[31m[
1m^[22m[39m[31m[1m^[22m
[39m[31m[1m^[22m[39m[3
1m[1m^[22m[39m[31m[1m^
[22m[39m[31m[1m^[22m[39
m[31m[1m^[22m[39m[31m[
1m^[22m[39m[31m[1m^[22m
[39m[31m[1m^[22m[39m[3
1m[1m^[22m[39m[31m[1m^
[22m[39m[31m[1m^[22m[39
m[31m[1m^[22m[39m[31m[
1m^[22m[39m[31m[1m^[22m
[39m[31m[1m^[22m[39m[3
1m[1m^[22m[39m[31m[1m^
[22m[39m[31m[1m^[22m[39
m[31m[1m^[22m[39m[31m[
1m^[22m[39m[31m[1m^[22m
[39m
 [90m 14 |[39m 
[36mexport[39m 
[36mdefault[39m 
[36mfunction[39m [33mAdmi
nAccountingPage[39m() {
 [90m 15 |[39m   
[36mconst[39m 
[loading[33m,[39m 
setLoading] [33m=[39m useS
tate([36mtrue[39m)[33m;[
39m
 [90m 16 |[39m   
[36mconst[39m 
[activeTab[33m,[39m 
setActiveTab] [33m=[39m us
eState([32m'invoices'[39m)
[33m;[39m [90m// 
'invoices' or 
'expenses'[39m[0m



Import traces:
  Client Component Browser:
    ./src/app/panel/admin/ac
counting/page.js [Client 
Component Browser]
    ./src/app/panel/admin/ac
counting/page.js [Server 
Component]

  Client Component SSR:
    ./src/app/panel/admin/ac
counting/page.js [Client 
Component SSR]
    ./src/app/panel/admin/ac
counting/page.js [Server 
Component]

  App Route:
    ./src/app/panel/admin/ac
counting/page.js
    
./src/lib/storage/local.js
    
./src/lib/storage/index.js
    ./src/app/api/auth/delet
e-account/route.js

https://nextjs.org/docs/mess
ages/module-not-found


./src/app/panel/admin/accoun
ting/page.js:12:1
Module not found: Can't 
resolve 'react-hot-toast'
[0m [90m 10 |[39m 
[36mimport[39m { 
[33mModal[39m } 
[36mfrom[39m [32m"@/compo
nents/common/Modal"[39m[33
m;[39m
 [90m 11 |[39m 
[36mimport[39m { 
[33mButton[39m } 
[36mfrom[39m [32m"@/compo
nents/common/Button"[39m[3
3m;[39m
[31m[1m>[22m[39m[90m 
12 |[39m [36mimport[39m 
{ toast } [36mfrom[39m [3
2m"react-hot-toast"[39m[33
m;[39m
 [90m    |[39m [31m[1m^
[22m[39m[31m[1m^[22m[39
m[31m[1m^[22m[39m[31m[
1m^[22m[39m[31m[1m^[22m
[39m[31m[1m^[22m[39m[3
1m[1m^[22m[39m[31m[1m^
[22m[39m[31m[1m^[22m[39
m[31m[1m^[22m[39m[31m[
1m^[22m[39m[31m[1m^[22m
[39m[31m[1m^[22m[39m[3
1m[1m^[22m[39m[31m[1m^
[22m[39m[31m[1m^[22m[39
m[31m[1m^[22m[39m[31m[
1m^[22m[39m[31m[1m^[22m
[39m[31m[1m^[22m[39m[3
1m[1m^[22m[39m[31m[1m^
[22m[39m[31m[1m^[22m[39
m[31m[1m^[22m[39m[31m[
1m^[22m[39m[31m[1m^[22m
[39m[31m[1m^[22m[39m[3
1m[1m^[22m[39m[31m[1m^
[22m[39m[31m[1m^[22m[39
m[31m[1m^[22m[39m[31m[
1m^[22m[39m[31m[1m^[22m
[39m[31m[1m^[22m[39m[3
1m[1m^[22m[39m[31m[1m^
[22m[39m[31m[1m^[22m[39
m[31m[1m^[22m[39m[31m[
1m^[22m[39m[31m[1m^[22m
[39m
 [90m 13 |[39m
 [90m 14 |[39m 
[36mexport[39m 
[36mdefault[39m 
[36mfunction[39m [33mAdmi
nAccountingPage[39m() {
 [90m 15 |[39m     
[36mconst[39m 
[loading[33m,[39m 
setLoading] [33m=[39m useS
tate([36mtrue[39m)[33m;[
39m[0m



Import traces:
  Client Component Browser:
    ./src/app/panel/admin/ac
counting/page.js [Client 
Component Browser]
    ./src/app/panel/admin/ac
counting/page.js [Server 
Component]

  Client Component SSR:
    ./src/app/panel/admin/ac
counting/page.js [Client 
Component SSR]
    ./src/app/panel/admin/ac
counting/page.js [Server 
Component]

  App Route:
    ./src/app/panel/admin/ac
counting/page.js
    
./src/lib/storage/local.js
    
./src/lib/storage/index.js
    ./src/app/api/auth/delet
e-account/route.js

https://nextjs.org/docs/mess
ages/module-not-found


    at <unknown> (./src/app/
panel/admin/accounting/page.
js:13:1)
    at <unknown> (https://ne
xtjs.org/docs/messages/modul
e-not-found)
    at <unknown> (./src/app/
panel/admin/accounting/page.
js:12:1)
    at <unknown> (https://ne
xtjs.org/docs/messages/modul
e-not-found)
